vorname
Marie
Sophie
Charlotte
Alexander
Noah
Charlotte
David
Emilia
Leon
Maria
Maximilian
Valentin
Ella
Lea
Theodor
Karl
Emma
Maximilian
Elias
Paul
Emilia
Sophia
Adam
Anton
Emil
Jonas
Anna
Johanna
Felix
Liam
Elisabeth
Clara
Mathilda
Elias
Jakob
Leo
Lukas
Mia
Henry
Frida
Hannah
Olivia
Levi
Paul
Luise
Ben
Gabriel
Leonard
Anna
Hanna
Marie
Mila
Nora
Paula
Benjamin
Alma
Lara
Leni
Leonie
Alexander
Lina
Max
Johanna
Helena
Julius
Lena
Pauline
Ali
Anton
Johann
Sophia
Finn
Louis
Amelie
Luca
Maya
Malik
Milan
Emil
Michael
Emily
Frieda
Jonathan
Luise
Linus
Sofia
Sophie
Elisabeth
Benjamin
Luisa
Aaron
Luis
Ava
Mateo
Isabella
Raphael
Juna
Samuel
Liya
Tim
Lotta
Luisa
Marlene
Mina
Friedrich
Lina
Louis
Marlene
Samuel
Moritz
Viktor
Vincent
Ada
Amira
Flora
Ida
Lia
Lilly
Mara
Thea
Tilda
Alexander
Antonia
Carlotta
Helene
Magdalena
Mathilda
Rosa
Victoria
Arthur
August
Bruno
Caspar
Erik
Friedrich
Johann
Joshua
Kian
Matteo
Antonia
Mika
Rosa
Nicolas
Oskar
Theo
David
Felix
Karl
Peter
Theresa
Alina
Amalia
Carla
Ali
Carlotta
Carl
Cleo
Daniel
Elisabeth
Frederik
Julia
Jan
Karla
Leopold
Nisa
Marie
Carl
Ferdinand
Johannes
Jonathan
Katharina
Oskar
Lea
Otto
Lou
Theodor
Wilhelm
Arian
Aliya
Eymen
Elisa
Gustav
Klara
Hamza
Lana
Hugo
Luna
Jasper
Maria
Joris
Matilda
Julian
Medina
Justus
Mira
Lian
Zoe
Mert
Niklas
Noel
Oliver
Philipp
Valentin
Sophie
Ida
Louisa
Gabriel
Pauline
Joel
Viktoria
Luca
Nael
Robert
Theo
Thomas
Aaliyah
Alva
Amelia
Anouk
Elif
Elina
Ayaz
Laura
Elio
Louise
Fynn
Lucy
Henri
Maja
Ibrahim
Martha
Jona
Merle
Lasse
Romy
Luka
Ruby
Mattis
Sarah
Milo
Theresa
Simon
Viktoria
Amalia
Aurelia
Elisa
Ella
Lena
Finn
Leonie
Georg
Louise
Jakob
Paulina
Josef
Luis
Noel
Simon
Vincent
Can
Alea
Carlo
Alexandra
Edgar
Aurelia
Elian
Ela
Emir
Josephine
Fabian
Lilia
Jannis
Louisa
Kilian
Lucia
Konstantin
Marla
Leonardo
Melissa
Lionel
Milla
Mio
Nele
Richard
Paulina
Rio
Rosalie
Vito
Sara
Younes
Stella
Yunus
Valerie
Victoria
Yara
Michael
Paul
Peter
Ava
Clara
Elin
Elise
Emma
Adam
Grace
Antonio
Hannah
Arthur
Josephine
Bruno
Liv
Can
Liya
James
Mila
Jan
Paula
Jonas
Rosalie
Jonte
Rose
Konstantin
Ruth
Leonard
Sofia
Levi
Valentina
Levin
Ludwig
Malik
Martin
Matteo
Max
Oliver
Richard
Adrian
Alparslan
Amir
Celia
Bilal
Defne
Deniz
Diana
Emilio
Eliana
Enno
Esther
Ensar
Eva
Ferdinand
Finja
Fiete
Kaia
Florian
Liliana
Ilyas
Lisa
Juri
Liv
Kiyan
Livia
Leano
Miriam
Lennart
Levin
Mahir
Maxim
Mohamed
Mustafa
Nael
Nikola
Oscar
Piet
Rafael
Santiago
Thomas
Tobias
Victor
Charlotte
Georg
Margarete
Alma
Dorothea
Eleonore
Elsa
Eva
Filipa
Frieda
Isabel
Asaf
Lucia
Christoph
Luna
Emilian
Malia
Erik
Mathilde
Frank
Mira
Frederick
Nisa
Henri
Sofie
Henry
Zoé
Idris
Joseph
Kemal
Kilian
Leo
Leon
Leopold
Maxim
Mehmet
Moritz
Nicolas
Philipp
Stefan
Yasin
Adriana
Alessia
Alice
Alisa
Amina
Amy
Annika
Carolina
Dalia
Elena
Elli
Ellie
Greta
Hana
Jasmin
Albert
Kira
Andreas
Laila
Antonius
Liah
Bastian
Lilli
Bela
Malia
Bennet
Malou
Christian
Nala
Damian
Noa
Eli
Philine
Elyas
Philippa
Emilian
Ronja
Fritz
Tuana
Hannes
Valentina
Henrik
Zara
Ivan
Zeynep
Jack
Zoé
Jannes
Janosch
Jonah
Josef
Joseph
Laurenz
Lias
Lio
Malte
Mark
Matheo
Mats
Mikail
Miran
Mohammad
Mohammed
Muhammad
Muhammed
Musa
Nick
Nils
Omar
Philip
Rayan
Robin
Tom
Yahya
Yusuf
Ömer
Marie
Bruno
Josefine
Franz
Katharina
Friedrich
Louise
Jonathan
Maria
Jürgen
Rose
Konstantin
Ada
Alice
Alicia
Amelie
Caroline
Christine
Ela
Florentine
Friederike
Jolie
Karlotta
Klara
Laetitia
Lee
Adrian
Lieselotte
Albert
Lydia
Alfred
Maja
Amon
Malina
Andreas
Malou
Andrés
Margarete
Avi
Mary
Balthasar
Milou
Ben
Olivia
Bennet
Thea
Bernhard
Wilma
Carlos
Yael
Christopher
Zofia
Constantin
Daniel
Efe
Elia
Eliah
Emilio
Erich
Erwin
Fiete
Franz
Frederik
Fritz
Hans
Heinrich
Ilyas
Joshua
Julius
Kaan
Kadir
Klaus
Leander
Lian
Lucas
Magnus
Miguel
Nikolaus
Noah
Nuri
Ole
Philip
Rafael
Rainer
Raphael
Reinhard
Rudi
Saint
Wolfgang
Alicia
Amilia
Anastasia
Annabelle
Ariana
Arya
Asel
Azra
Cosima
Dea
Edda
Elea
Eleanor
Elise
Eliz
Elizabeth
Emilie
Evin
Fiona
Fritzi
Hailey
Helene
Henriette
Ilayda
Ivy
Lamis
Layla
Leah
Leona
Abdurrahman
Lilith
Adem
Linda
Ahmad
Lola
Ahmed
Lotte
Alex
Lou
Aras
Magdalena
Arvid
Malika
Atlas
Mariam
Charlie
Melek
Cosmo
Melina
Danilo
Milana
Diego
Milena
Edis
Mona
Emile
Nea
Emin
Nicole
Eric
Nika
Fabio
Nike
Francis
Noelia
Franz
Rima
Fridolin
Samira
Güney
Yuna
Ian
Zehra
Ilija
Janis
Joel
Johannes
Karim
Keno
Kerem
Konrad
Lennard
Leonidas
Lewin
Lion
Lucas
Ludwig
Manuel
Marc
Michael
Musab
Mylo
Nathan
Nikita
Niko
Noan
Ole
Otto
Pablo
Phil
Phileas
Rami
Rüzgar
Samir
Taavi
Taha
Thilo
Timur
Tony
Wim
Yiğit
Younis
Youssef
Amalia
An
Anna
Andreas
Beate
Anton
Emilia
Balthasar
Helene
Benjamin
Ingrid
Daniel
Johanna
David
Luisa
Emil
Luise
Felix
Margarethe
Ferdinand
Nina
Fritz
Rebecca
Henning
Sofie
Johann
Therese
Karl
Victoria
Louis
Wiebke
Manfred
Otto
Ruben
Valentin
Vincent
William
Alessandra
Aleyna
Aliyah
Amelia
Annabelle
Anne
Annik
Anouk
Antje
Antonietta
Bente
Chloé
Cristina
Devi
Dominique
Dua
Elaine
Elena
Elenor
Elina
Emmy
Erika
Esperanza
Esther
Evelyn
Feline
Filippa
Fiona
Florentina
Frida
Gabriele
Gabrielle
Greta
Hanna
Helen
Hermine
Hira
Aaron
Hope
Aldin
Irena
Alfons
Irma
Alva
Ivy
Amadeus
Jana
Amos
Jasmin
Anh
Josefin
Antonovic
Josephin
Arian
Lara
Arnold
Lavin
Aslan
Leni
August
Leonore
Aviel
Leora
Ayaz
Leticia
Barnabas
Leyla
Benedikt
Lilly
Bernard
Linda
Bernd
Liyah
Bilal
Lore
Caspar
Lotta
Christian
Lotte
Darian
Luca
Deniz
Luzia
Dennis
Madita
Dieter
Mai
Edgar
Mali
Eliano
Malin
Emanuel
Margarita
Emin
Margot
Emmanuel
Marina
Erdem
Maya
Eric
Melissa
Erkan
Mia
Ernst
Mina
Eymen
Minou
Fabian
Miriam
Florian
Naz
Fridolin
Nora
Gustav
Nur
Hamza
Nuria
Hannes
Ottilie
Hasan
Petra
Helmut
Philine
Hermann
Philippa
Hoang
Philomena
Holger
Quynh
Hugo
Reddy
Jamal
Rosemarie
Janosch
Ruby
Jasper
Selin
Joachim
Sol
Jona
Su
Jonah
Sue
Joris
Susann
Julian
Sylvia
Karim
Talia
Kian
Toni
Kuno
Ursula
Lasse
Vaiana
Leonardo
Yuna
Levent
Zeynep
Liam
Zoe
Lio
Lothar
Lovis
Malte
Manolo
Maria
Marian
Marie
Markus
Matti
Maurice
Milan
Milas
Milo
Minh
Nathan
Nicholas
Niklas
Nikolas
Noël
Omar
Pepe
Phil
Phileas
Reddy
Roman
Rudolf
Salih
Santiago
Selim
Taha
Till
Uwe
Valentino
Valerian
Van
Walter
Willi
William
Yan
Yiğit
Yusuf
Zayn
Adelina
Alara
Alya
Alyssa
Amaia
Amal
Amani
Ana
Angelina
Annabell
Anni
Aria
Asya
Aurora
Ayla
Bella
Camilla
Cara
Carmen
Charlie
Chiara
Clea
Dariya
Dilara
Diya
Dua
Dunya
Eleonore
Elinor
Elissa
Ellinor
Elsa
Enie
Enissa
Esmée
Fatima
Felicia
Freya
Giulia
Golda
Aleksa
Hafsa
Alwin
Haley
Amon
Halima
Anel
Hayat
Armin
Hedi
Arne
Helen
Artur
Hermine
Asaf
Ikra
Azad
İnci
Batuhan
Io
Benedict
Isabel
Borys
Iva
Casper
Izabela
Charalampos
Jamila
Colin
Jana
Constantin
Jannah
Cyril
Jasmina
Danell
Jeanne
Dani
Joana
Darian
Joséphine
Dominik
Judy
Dylan
Julie
Eduard
Juno
Ege
Karlotta
Elia
Karoline
Elijah
Katarina
Elliot
Kate
Elyesa
Kayla
Emanuel
Larin
Emmett
Leia
Enes
Lene
Erdem
Levke
Eren
Leya
Florentin
Liara
Frederick
Lidia
Frieder
Liesbeth
Georg
Lili
Hassan
Linn
Hüseyin
Liyah
Ilai
Lovis
Ilja
Luciana
İlyas
Luzie
Isaac
Madalena
Ismail
Madita
Jacob
Malea
Jakub
Maliya
James
Mari
Jamil
Marisa
Jari
Marisol
Jaro
Maryam
Johan
Mascha
John
Mavi
Jonne
Maxie
Junus
Mayla
Kaan
Medine
Karam
Melin
Kıvanç
Melinda
Kjell
Meryem
Krish
Narin
Kuzey
Naya
Lars
Nelia
Leander
Nelly
Leif
Nila
Lev
Nina
Lino
Nisanur
Liyan
Noemi
Loukas
Nola
Lucio
Noomi
Luke
Norah
Mads
Noëmi
Mahdi
Nuria
Marian
Ophelia
Marius
Pia
Marlo
Pina
Matti
Polina
Milas
Raya
Mirac
Riona
Miraç
Ruth
Miron
Safiya
Neo
Sally
Nikolas
Sanna
Nilo
Selin
Nima
Selina
Otis
Selma
Pars
Sena
Pepe
Sidra
Robert
Sina
Roman
Skadi
Rune
Smilla
Silas
Susanna
Stefan
Svea
Sultan
Talya
Tamim
Tiana
Tamino
Tiffany
Tamo
Toni
Tiago
Una
Till
Vivien
Vasco
Wanda
William
Wilma
Yannik
Yael
Yasin
Yva
Yona
Zahra
Zeinab
Zeyneb
Zoey
Zoë
Abraham
Maria
Friedrich
Alamea
Wilhelm
Alice
Hajat
Aksel
Andreas
Alenia
Carl
Andrea
Ferdinand
Antonia
Friedemann
Camille
Friedensreich
Caroline
Friedrich
Charlotte
Gieselher
Chiara
Gottfried
Edith
Heinrich
Elisabeth
Huy
Helma
Ingo
Hildegard
Karl-Heinz
Ingrid
Kuno
Johanna
Leopold
Marguerite
Manfred
Maria
Michael
Müslümat
Peter
Salome
Tho
Susanne
Volker
Teal
Abigail
Adriana
Aiko
Alexandra
Alexandrovna
Ama
Aaron
Amiśa
Abraheem
Amoore
Adama
Andrea
Adrian
Anica
Akwasi
Anne-Pauline
Alexson
Anneliese
Alfred
Annemarie
Ali
Anni
Alistair
Annica
Almahdi
Aurora
Almenning
Betty
Amel
Birgit
Anand
Bo
Anhelo
Cameran
Anselm
Carina
Antonio
Carlotta
Apollo
Caroline
Ares
Cataleya
Arthur
Cela
Artur
Christina
Asgar
Chuanchom
Asmund
Clarissa
August
Claudia
Augustin
Dalia
Avi
Danijela
Benedikt
Dokht
Bennett
Dora
Berl
Duong
Bjarki
Eleanor
Bonzo
Eleonore
Bosse
Elsbeth
Brûsk
Elva
Cairo
Elvira
Camille
Emel
Caspar
Emilie
Chaled
Emma
Christian
Esma
Christoph
Esmanur
Cornelius
Eva
Dennys
Eveline
Dieter
Everly
Dio
Fatima
Eduard
Felicitas
Elia
Filine
Emanuel
Fleur
Erdmann
Francoise
Finn
Françoise
Francis
Friederun
Francisco
Frohmut
Frank
Gabriele
François
Gerda
Frederik
Gertrud
Gabriel
Gisa
Gamal
Gisell
Gerd
Gretchen
Gerhard
Gülsel
Gustav
Hania
Heinrich
Helen
Hermann
Helga
Hernán
Ibrahim
Ibrahim
Ilse
Immanuel
Inge
Isa
Isabel
Jan
Jane
Jens
Jean
Joachim
Jelena
Johannes
Josefa
Joseph
Joséphine
Juan
Juliane
Julien
Kaia
June
Karolin
Justus
Kate
Kasimir
Kathrine
Khang
Katinka
Khoa
Khalid
Konrad
Kidilua
Kurt
Klara
Kwaku
Kristina
Kwame
Laoise
Károly
Laura
Lars
Laya
Lasse
Laye
Latif
Leila
Lee
Leonore
Leonard
Lia
Leonidas
Liljen
Leopold
Liselotte
Lev
Liv
Luca
Lotta
László
Lotte
Maomé
Lucienna
Marcus
Lupita
Maria
Majvi
Marie
Malu
Marius
Marga
Mariusz
Marianne
Martin
Marija
Matteo
Marine
Mattis
Marlies
Maximilian
Martha
Milo
Marwa
Miro
Mohamed
Misbah
Mora
Mohamed
Nairievna
Molina
Nalu
Moritz
Naomi
Nael
Nicol
Nicu
Nijola
Olamide
Nikita
Oliver
Nola
Onni
Noomi
Panu
Octavia
Pascal
Ose
Pascarella
Patricia
Pepe
Peppa
Phi
Philine
Philipp
Philomena
Philippe
Phoebe
Piotr
Ray
Pipo
Renate
Ra
Ricarda
Rafael
Rita
Ramy
Ronja
Raoof
Rosa
Reda
Roxy
Reinhard
Ruda
Rey
Ruth
Rico
Sabrina
Roger
Saleh
Rudi
Sarah
Rudolf
Sol
Rüdiger
Sonnele
Saad
Tamala
Samuel
Tamara
Singh
Theresia
Steven
Thordis
Takumi
Trang
Tarik
Ulla
Ted
Ursula
Tim
Vera
Tuấn
Yuberta
Ty
Yui
Ulf
Zaini
Valentino
Van
Wang
Wendelinus
Werner
Wetchoko
Wilhelm
Willi
Ya'ar
Yeshi
Yi
Yoedistiro
Ziyad
Álvaro
Aaliyah
Addy
Adèle
Agata
Agnes
Aishwarya
Alara
Alberte
Albertine
Alea
Aleida
Alekseevna
Alexandra-Luise
Alexis
Alicja
Alissia
Almila
Almira
Alya
Amanda
Amani
Amaya
Ameli
Amilia
Aminu
Amira
Amro
Amélie
Ana
Anatolevna
Andra
Andrea
Ange
Angela
Angelika
Angelina
Anh
Aniela
Anja
Annelie
Anneliese
Annette
Anni
Abdullah
Anruo
Abdulrahman
Antonovna
Abel
Antônia
Abubakari
Anuk
Adem
Aolani
Adil
Apolonia
Adriyanov
April
Aeneas
Ardith
Afanassij
Arin
Aggrey
Arslanbekovna
Ahmedov
Arya
Ahmet
Arzu
Ahura
Asel
Aiden
Ashley
Aimé
Asiyeh
Akay
Aslıhan
Aki
Aslihan
Akim
Asme
Akram
Astraea
Al-Tayyib
Athene
Aladdin
Aubrey
Alan
Auri
Aleksan
Aurora
Alessandro
Aurélie
Alex
Avelina
Alexis
Avi
Alois
Aybüke
Alon
Ayda
Alonso
Ayla
Alp
Aynur
Alparslan
Azra
Alvar
Balami
Alwin
Barbara
Amandus
Baz
Amaru
Beatrice
An
Bedda
Anas
Bel
Anastasios
Bensu
Andreev
Beslanovna
Andreevič
Bess
Angelo
Binte
Anouar
Birgit
Antay
Blair
Antoine
Bo
Antonin
Brigitte
Antonov
Bärbel
Antonovič
Caitlin
Anuel
Carla
Apostolos
Carmen
Ara
Caron
Aras
Catalina
Areg
Catharina
Aris
Catherine
Arlo
Cecilia
Armenov
Celina
Aron
Celine
Artus
Cemile
Artëmovič
Cemre
Arvid
Chanel
Asif
Charlize
Atanas
Charlotta
Augustin
Chiamaka
Aurelio
Christa
Aurelius
Christel
Aurél
Christiane
Avel
Christina-Egle
Azrael
Cirū
Bagratovič
Claire
Basi
Claudia
Bastian
Coco
Batın
Corina
Bela
Cosma
Benni
Csilla
Benno
Cäcilia
Bjarne
Céleste
Blacker
D'arcy
Blnd
Dalia
Boris
Danila
Borna
Davina
Bosse
Defne
Bratli
Denise
Brian
Denisìvna
Burak
Dhamisa
Cadeo
Diya
Caius
Dmitry
Carlo
Dmitrìvna
Carsten
Douala
Cedric
Dragana
Cedrik
Dzaharovna
Chang
Ebba
Charly
Ece
Chengyou
Ecrin
Chinelo
Editha
Christiano
Ekaterina
Clemens
Eleanor
Connor
Eleni
Cornell
Eleonor
Cosmo
Eleonora
Cuma
Elfe
Cumali
Eli
Côme
Eliana
Dai
Elita
Dale
Eliz
Dalí
Elizabeth
Damian
Ellie
Danso
Eloise
Dejan
Else
Dhyan
Elvira
Diao
Elya
Dimitrios
Embla
Djibril
Emel
Dmitrievič
Emelie
Dodi
Emilie
Dominic
Emily
Duran
Emma-Lotte
Dušan
Emmi
Dzhuneytov
Emélie
Ebbe
Ena
Ebubekir
Enna
Eden
Erna
Edison
Esin
Eduard
Esja
Eduardo
Esra
Edwardson
Ester
Egidio
Eveline
Ejder
Ewa
Ekrem
Eylül
Elean
Fabienne
Eli
Fahriye
Elian
Fatou
Elijah
Feelina
Elijan
Felice
Elio
Felina
Ellery
Fenja
Elman
Feride
Elvis
Fiene
Emad
Filiz
Emadt
Fine
Emanuelov
Finnja
Emiliano
Firuze
Emilien
Flurina
Emre
Francesca
Engin
Francis
Enno
Francisca
Enrique
Franziska
Enver
Fredericia
Enzo
Freja
Eremia
Friede
Esra
Fritzi
Ethan
Gabriela
Eugene
Gaia
Evgen'evič
Gemma
Ewald
Georgieva
Ezechiel
Georgine
Fabio
Giuseppina
Faisal
Guadalupe
Farhad
Gzime
Faruk
Gülseren
Fatih
Gülter
Federico
Güneş
Felipe
Halima
Filix
Hanan
Findus
Haniya
Fionn
Hauke
Fjodor
Havin
Florentin
Hazime
Francesco
Hedi
Francis
Helin
Franciszek
Henriette
Frederico
Hikari
Frédéric
Hilda
Fynn
Hisham
Gaffar
Hivda
Georgiev
Hüma
Gereon
Idun
Ghazi
Il'inična
Giacomo
Ilayda
Giancarlo
Iliyanova
Great
Ilvie
Guido
Imani
Guillaume
Imara
Gunjan
Ioana
Gunnar
Irem
Gunter
Irene
Hadrian
Iris
Hajo
Irène
Halil
Isabelita
Haluk
Isabella
Hamad
Isabelle
Hamada
Iveel
Hammadi
Jakoba
Han
Jane
Hardy
Janne
Harry
Janushka
Hartmut
Jennifer
Heng
Jette
Henning
Jo
Henryk
Joanna
Heribert
Johanne
Herschel
Jola
Hikmet
Jori
Hinnerk
Josa
Homayoun
Josefine
Hubert
Joyce
Hud
Jua
Ignacy
Julia
Ikaia
Julie
Ilay
Juliet
Iliya
Juliette
Ilya
Juna
Ilyes
June
Imanuel
Junita
Imi
Juno
Immanuel
Jupiter
Imre
Kai
Ioan
Kai-Ying
Iruel
Kaia
Irving
Kalea
Isaac
Kalua
Isao
Kardelen
Ismael
Karen
Issa
Karin
Ivan
Karla
Ivanovič
Karlina
Ivar
Karola
Ivaylov
Karolin
Iven
Kathalea
Jackson
Katrin
Jacob
Kestra
Jaimy
Khaleesi
Jamiro
Kiki
Janardhan
Kim
Janos
Klaudia
Janus
Klio
Jarek
Korsgaard
Jarne
Krystyna
Jaron
Kyrylìvna
Javier
Ladeyna
Jay
Lamia
Jean
Lamis
Jens
Larasati
Jerimah
Lavani
Jim
Lavinia
Jlai
Layla
Joan
Leentje
Jogi
Lenja
Jon
Leo
Jones
Leonora
Jonny
Lianyun
Joon
Liddy
Jordan
Liezel
Jorge
Liju
Joscha
Lila
Joschua
Lili
Jost
Lilith
Jules
Lilou
Junior
Lily
Juno
Linh
Justin
Linn
Justus
Linnea
Jörg
Liora
Kaihan
Lisa
Kalle
Lisbeth
Karl-Henry
Liseth
Kasimir
Livia
Kaspar
Livienne
Kasper
Ljubica
Kay
Lok-Hei
Kenan
Lolla
Kerem
Lorena
Kevin
Louve
Kiano
Love
Kim
Lu
Kiragorn
Lua
Kirill
Lucie
Klee
Lucy
Klemens
Lule
Knuth
Lusina
Kofi
Ly
Kolja
Lynette
Konstantinos
Lysanne
Kurt
Madeleine
Kwadjo
Madison
Kwasi
Mae
Ky
Maelle
Kyle
Mafalda
Kyrylovič
Maia
Lamine
Maivi
Larry
Maj
Lauren
Makoto
Laurent
Maksimovna
Le
Malea
Leano
Malika
Lenn
Malisa
Lennox
Malka
Leolo
Malu
Leonas
Malén
Leonhard
Manao
Leonid
Mande
Leonidas
Manika
Levente
Manuela
Liano
Mara
Linden
Margareta
Lino
Margeaux
Linus
Margit
Lipa
Marguerite
Ljuba
Mari
Lok
Mariama
Lokman
Marieva
Lorean
Marilena
Lorenz
Marit
Loris
Marita
Lou
Marleen
Luan
Marlena
Lucian
Marta
Ludovico
Maryam
Ludowick
Marysol
Luigi
Masal
Luk
Matilda
Luka
Maxi
Lukas
Medine
Luke
Melek
Lutz
Melodie
Lyor
Melody
Léan
Mera
Lélio
Merle
Lütfü
Meryem
Mael
Mi-Ra
Maik
Michelle
Maitri
Mihriban
Mansong
Milla
Manuel
Millie
Marcel
Minna
Marcello
Mischa
Marek
Mohamed
Mariev
Mỹ
Maris
Nadezhdeva
Marius
Nadja
Mark
Nagini
Marley
Natalie
Marlon-Junior
Natascha
Masrurovič
Neelie
Massimo
Nela
Mateo
Nelani
Matheo
Nele
Mathia
Nesreen
Mathis
Nguyen
Mats
Ngọc
Matthias
Nikol
Matthäus
Nikole
Mauritz
Nina
Maximus
Nini
Maxwell
Nittha
Mbaye
Noelle
Mencey
Noemi
Metin
Noor
Micheal
Nova
Michel
Noé
Mihael
Nuran
Mihailov
Nuri
Mika
Nyarko
Mikael
Nzau
Mikail
Oda
Mikhail
Odine
Milian
Ohmine
Mino
Oleksìïvna
Minyul
Olga
Mio
Oliv
Miras
Oliva
Miron
Olive
Misha
Omoyemwen
Mitja
Onyx
Mogli
Ophelia
Mohamad
Osama
Mohamed
Papaya
Moise
Parada
Monty
Persephone
Moriba
Persida
Moses
Phila
Mosis
Philia
Moussa
Philina
Muhammed
Philipa
Muhyiddin
Pia
Muniboth
Pippilotti
Mykytovič
Polina
Myumyun
Prisca
Mîrhat
Rachel
Nader
Rae
Nahme
Rafaela
Nandi
Rahel
Naol
Rami
Nartey
Ramona
Natan
Randa
Navid
Rani
Nedim
Renee
Nehemías
Resi
Nemia
Rey
Neo
Riana
Nevdzhivan
Rita
Nghia
Robin
Ngugi
Roketi
Nguyen
Rokhaya
Niam
Romanìvna
Niaz
Rosi
Nicklas
Rubi
Nielas
Runa
Nikita
Sabine
Nils
Sahra
Nino
Salma
Nirvan
Salome
Njue
Salomé
Nkosi
Salwa
Noa
Samantha
Nooa
Samira
Noor
Sandra
Noyan
Sarina
Ocean
Scarlett
Odin
Selma
Ofuka
Sena
Olav
Seo-Hee
Oleksandrovič
Serena
Omid
Sezent
Onno
Shenandoah
Orhan
Signe
Orhanov
Silvana
Orion
Silvia
Osamah
Simone
Oscar
Sirin
Parin
Sofija
Pascal
Sole
Patel
Solveig
Patrice
Soni
Peer
Stanislavìvna
Percy
Stephanie
Perikles
Subahi
Petje
Subeida
Petrovič
Sultan
Philian
Sunhay
Philippe
Sunitova
Picardo
Sure
Pietro
Susanne
Pilou
Susu
Pino
Tamar
Piotr
Tamara
Quintus
Tammi
Quirin
Thalia
Radev
Tharagai
Rahim
Therese
Ramiz
Theresia
Rangsiman
Thida
Raouf
Tilda
Raphaël
Timofeevna
Rayan
Tina
Ren
Tiril
Rian
Toma
Rio
Tora
Riyadh
Tracy
Romanovič
Ufuoma
Ruben
Umi
Rudolph
Unica
Saba
Vahagn
Sameh
Vaia
Samer
Valentine
Samu
Valeria
Santi
Valerie
Santiano
Valeska
Santino
Vasilìvna
Sebastian
Verena
Sedat
Veronica
Selmir
Veya
Seojun
Vida
Serdal
Vilai
Seref
Viola
Sevastian
Virginia
Shahin
Virginie
Shervin
Walburga
Shokhimardonovič
Wanda
Siegfried
Wanjiru
Soan
Woo
Sofian
Xanthi
Soul
Xinya
Stathis
Xiyue
Stephan
Yadav
Steven
Yade
Suheil
Yaminah
Sultan
Yang
Sunny
Yankova
Sven
Yansanya
Sébastien
Yasmin
Taave
Yeboah
Taavi
Yegvenia
Taddeus
Yen-Lin
Tadeus
Yi-Ting
Tadeusz
Yvonne
Tahir
Zara
Tai
Zazou
Taiga
Zeinab
Talha
Zelda
Talu
Zenobia
Tamme
Zinedine
Tanju
Zola
Tanmay
Áine
Tassilo
Ân
Tenzin
Émilie
Teoman
Terrance
Thales
Thanh
Theseus
Thies
Théo
Tianrui
Tiga
Tillmann
Timothé
Timur
Titus
Toghrul
Tom
Tomi
Tomás
Toni
Toufik
Tran
Tri-Khang
Tyler
Udochi
Ulrich
Umair
Umut
Uriel
Valentín
Valer'evič
Valerian-Gerard
Varian
Varma
Vasile
Vasilije
Ventura
Victor
Viet
Vin
Vito
Vitus
Volker
Vsevolodovič
Walid
Wanja
Werner
Wilfried
Willian
Wincenty
Wito
Yago
Yahya
Yair
Yakup
Yaman
Yang
Yannis
Yanyi
Yasir
Yağiz
Yoshi
Yoshua
Yousuf
Yuankang
Yue
Yunseong
Yves
Zayan
Zayne
Zbigniew
Zerui
Zidane
Zilin
Ziya
Zuma
Évan
Özcan
Şêr
Ștefan
Aadhesh
Aarav
Aariv
Aaron-Andreas
Abdelhadi
Aarvi
Abdelkader
Adela
Achilleas
Adele
Adam-Sultan
Adeline
Adi
Adhya
Adnan
Afina
Adonis
Aglaia
Adriel
Aglaya
Agastya
Ahana
Agim
Aidel
Ahmet
Aili
Ahmet-Arif
Ain
Aiden
Aishwarya
Ajan
Aivi
Aker
Aiyana
Akin
Ajla
Akın
Ajlina
Akinfolarin
Ajsa
Akram
Akela
Alaa
Akira
Alan
Alani
Alden
Aleena
Aleksander
Alejandra
Aleksey
Alena
Alessandro
Alenja
Alexander-Liam
Alexia
Alexandre
Aleyna
Alexandros
Alia
Alexis
Alicja
Alfred
Alin
Alfred-James
Alina-Marie
Alhassane
Aline
Ali-Sami
Alissia
Almin
Alisya
Almos
Aliyah
Alon
Aliye
Alouis
Allegra
Alp
Allegra-Shalom
Alpay
Almila
Altay
Alyara
Aluj
Alyssia
Alvar
Amalie
Amadou
Amalya-Malak
Aman
Amana
Amari
Amanda
Ami
Amaya
Amias
Amber
Amin
Amei
Amiran
Amela
Ander
Amila
Anels
Amna
Anis
Amne
Ansgar
Amélie
Ante
An
Antonin
Anastasija
Antonio
Anaya
Apollon
Angela
Aram
Anika
Arbel
Aniko
Archange
Anita
Arda
Anka
Ardan
Anli
Ardian
Anna-Helene
Arel
Anna-Olia
Aren
Annabel
Ari
Annabella
Arik
Annabelle-Jolie
Arinjay
Annalotta
Ariyan
Annelie
Arjun
Annetje
Arlo
Annett
Arnold
Annie
Aron
Antonina
Arsenije
Anuka
Arto
Areen
Arttu
Ariadne
Aryan
Ariane
Aslan
Ariett
Assem
Arijela
Atakan
Aris
Ates
Armanda
Atlantic
Arsa
Augustin
Arta
Aurel
Artemis
Aurilio
Aseel
Avi
Ashna
Avid
Asija
Avner
Aslı
Ayaan
Assal
Aybars
Audrey
Ayen
Auguste
Ayo
Aurelia-Seraphin
Ayxan
Aurélie
Aziz
Ava-Emilia
Azriel
Avelyn
Bahta
Aviva
Bao
Aya
Basel
Ayana
Bayan
Ayana-Mia
Beka
Ayat
Bekir
Ayumi
Belal
Ayça
Benaiah
Ayén
Benan
Bailasan
Bene
Baya
Benedek
Beara
Benedikt
Beatriz
Benjin
Begoña
Bennett
Belinay
Benno
Belinda
Bent
Bente
Bento
Berfin
Berat
Bianca
Berkan
Billie
Bernhard
Binka
Bjarne
Bićh
Björn
Boning
Bodhi
Briella
Bodo
Caitlyn
Bojan
Camille
Boris
Carlie
Bosco
Caroline
Bosse
Cassidy
Botho
Cathalia
Brayan
Cathalina
Brimah
Cathalyna
Buna
Cato
Buğra
Cecilia
Béla
Celin
Caleb
Celina
Calixte
Celine
Caner
Ceyla
Casimir
Ceylan
Cassim
Ceylan-Alla
Castiel
Che
Cayden
Chloé
Cedric
Coco
Cenk-Osman
Constanza
Cesur
Cydra
Cezar-Ieremia
Dafina-Grace
Chan
Dalal
Charles
Damla
Christopher
Dana
Cinar
Daniela
Cirino
Daphna
Cody
Darya
Collin
Delanie
Cosmin
Delphine
Cris
Denisa
Cyrus
Deniz
Damiano
Destany
Damir
Dia
Damun
Dina
Dante
Dinh
Daris
Donna
Darko
Dora
Darnell
Dorra
Davud
Dzejna
Dayyan
Délice
Dejvid
Eda
Demir
Edana
Deniro
Edith
Derman
Efie
Devon
Efsun
Dima
Efsun-Ela
Dimitar
Eftelya
Dionysíos-Rafael
Ejona
Dirk
Ekaterina-Emma
Divine
Elaine
Diyaan
Elba
Diyan
Eleanora
Diyo
Eleanore
Dmitri
Eleni
Dov
Elenia
Dries
Elenor
Duc
Elenya
Dulijano
Eleyna
Dunamis
Eli
Duško
Elianne
Dzhesur
Elijana
Edan
Eliora
Eddi
Elisija
Eddie
Eliza
Ede
Elizabella
Edis-Théon
Eljessa
Ediz
Ellen
Ediz-Mergen
Elma
Eduardo
Elodie
Edward
Emelie
Efe
Emiko
Egehan
Emilya
Egon
Emine
Eitan
Emma-Zofia
Elay
Emmanuelle
Elder
Emmeline
Eleano
Ena
Eliah
Eniko
Elias-Said
Enne
Elija
Enora
Elino
Era
Elios
Erica
Elis
Erika
Elisei
Erin
Elliott
Erna
Elmar
Ernestine
Elmin
Esenia
Elon
Esil
Elyabel
Esma
Emad
Esra
Emilien
Esraa
Emmanuel
Estelle
Emre
Eugenia
Eneas
Eva-Marlen
Engin
Eve
Enlil
Evelyn
Enon
Evita
Enyo
Evîn
Eray
Eylül
Erich
Feirus
Ertuğrul
Felicitas
Erwin
Felina
Ethan
Feline
Etienne
Felisia
Ettore
Felizia
Even
Fenja
Evren
Fenne
Eyad
Feyza
Eytan
Fieda
Ezan
Fikreta
Ezra
Filomena
Fadi
Fine
Fahed
Fiona-Lara
Farid
Fjola
Faris
Florence
Feanor
Florentine
Felin
Florica
Felipe
Frances
Feramüz
Franka
Ferdows
Freeha
Feyzo
Freja-Hannah
Fidelis
Fritzie
Filian
Gabriella
Filipe
Gaby
Filippo
Georgia
Filippos
Gerda
Finnian
Gergana
Fjell
Gesa
Florin
Gianella
Floyd
Gilana
Flynn
Ginevra
Forat
Gioia
Franciszek
Giorgia
Franziskus
Giselle
Freddy
Gita
Friedo
Giuliana
Fulk
Gloria
Fulvio
Grace
Gabriel-Honoré
Gretchen
Galahad
Gülistan
Gassem
Haily
George
Hanadi
German
Harper
Giacomo
Hatice
Gilbert
Havin
Gioele
Hayah
Gramoz
Haylie
Gregory
Hazal
Grigorij
Hedda
Guangchen
Hedy
Gunnar
Helin
Guntram
Helîn
Gustavo
Henrietta
Güven
Henrike
Hadi
Hettie
Hakeem
Heval
Hakim
Hevin
Hakuren
Heviya
Hamza-Mufid
Hilda
Hans
Hilde
Hardy
Hira
Hauke
Holda
Hayk
Holli
Hedi
İkranur
Hektor
Ilay
Helge
İlay
Hendrik
Ileana
Henning
Iliana-Eleni
Henning-Phileas
Ilva
Hermann
Ilyana
Hichem
Iman
Hilmar
Ina
Horacy
Inara
Hota
Inas
Hussein
Inga
Hồ
Ingvild
Ibaka
Iolanthi
Ibrahima
Iona
Idan
Ira
Idris
Irene
Iisa
Irma
Ilay
Isa
Ilaï
Isabell
Ilham
Isabelle
Ilia
Ise
İlia
Iulia
Ilias
Iulianiya
Ilijas
Ivana
Ilirian
Ivanna
Iljas
Ivie
Illyrian
Izabella
Ilya
Izzabella
Ilyan
Jaane
İlyan
Jamilia
Ion
Janal
Ionas
Janna
Isa
Janne
Isaac-Noel
Jasha
Isay
Jessica
Ishaq
Jette
Ishchan
Jiayue
Iskren
Jiyan
Ismael
Jocye
Issa
Joella
Issah
Joleen
Ivar
Jolina
Ivo
Jona
Izaak
Jonna
Jad
Joulie
Jadon-Mateo
Jouline
Jahvis
Jovana
Jakov
Joyce
Jaleel
Juli
Jamal
Juliane
Jannik
Juliette
Jano
Julija
Jaron
Julika
Jascha
Julina
Jawad
Junita
Jean
Juwairiya
Jerick
Kajsa
Jermaine
Kalea
Jibril
Kamar
Jihad
Kara
Jim
Karaça
Jimit
Karina
Joa
Karolina
Joah
Kassandra
Joakim
Katayoun
Joan
Katharina
Joas
Kaya
Joe
Keara
Jonis
Khadija
Jonte
Khady
Jori
Khả
Joschua
Kiara
Josef-Osman
Kim
Josh
Kimi
Jost
Kisha
Joubin
Kisu
Julez
Klara-Maria
Junes
Kriti
Jurij
Kruna
Kadir
Laetitia
Kai
Lale
Kais
Lamija
Kajetan
Larine
Kaleo
Lark
Kalle
Lauren
Kamil
Lazara
Kamin
Leana
Karan
Leela
Karel
Leerke
Karl-Gustav
Leia-Amelia
Kasim
Leila
Kasimir
Leilani
Kaspar
Lelah
Kasper
Lenka
Kayra
Lennja
Keenan
Lenora
Kelvin
Lenya
Kerim
Leonor
Keyan
Leonora
Keywan
Leonore
Khaled
Leora
Khalil
Leticia
Khamzat
Levina
Khang-Hy
Leyan
Kieran
Leyla
Kingsley
Leynie
Kirk
Liana
Kivanc
Libby
Kolja
Lida
Koray
Lien
Kristoff
Lija
Kutay
Lilas
Kyan
Lilian
Kylian
Lillia
Kyrie
Lily
Labib
Linah
Laith
Line
Lamine
Linea
Lanis
Liska
Laszlo
Liyana
Lauren
Loa
Laurentin
London
Laurin
Loredana
Leandro
Lorelai
Leandros
Loresa
Lear
Loressa
Leevi
Louane
Leeyo
Loulia
Lejs
Luana
Lelio
Luana-Rose
Lenn
Lucie
Lenni
Lucía
Lennox
Luka
Leonid
Luming
Leontin
Luuna
Leriko
Luzy
Levan
Lya
Levent
Lydia
Levente
Lyra
Levian
Lysan
Lijan
Maddi
Lior
Madelyn
Lir
Maditha
Livio
Madlen
Logan
Maelle
Lope
Maeve
Lorenz
Maia
Lorin
Maila
Lotus
Mailinda
Loui
Maissan
Louie
Majla
Luan
Malaak
Luan-Fernando
Malaika
Luano
Malake
Lucas-Jaden
Maleh
Luciano
Malie
Lucjan
Malina
Lucretius
Maliza
Luis-Malte
Malous
Luiz
Mana
Lutz
Marah
Luwin
Margad
Lyan
Margarete
Lyron
Margaretha
Lysander
Mariella
Léo
Marilena
Lévi
Marilu
Lê
Marina
Magnus
Marit
Mahmood-Jibriel
Maro
Mahmoud
Marsilina
Mailo
Marta
Maksim
Masa
Malek
Masha
Malio
Massa
Marcel
Matilde
Marco
Mawaddah
Marin
Maxi
Mario
Maxima
Maris
Mayssene
Marku
Meda
Markus
Meliah
Marlin
Meliha
Marlon
Melis
Marten
Melis-Sena
Martin
Mercedes
Marwin
Merida
Mason
Mersana
Massud
Mersina
Massyl
Meta
Matei
Meyra
Mathyas
Michelle
Matima
Mieke
Mattes
Mihrinaz
Maurice
Milda
Max-Leopold
Milia
Mayar
Millie
Maël
Milou
Melik
Mina-Milu
Merab
Minela
Meran
Minna
Merritt
Miral
Mertali
Miray
Mervan
Miraya
Mian
Mirela
Mica
Mirijam
Michele
Mirra
Miguel
Miya
Mihran
Momo
Mikael
Mounira
Mikhail
Murielle
Mikkel
Myra
Miles
Müberra
Milot
Naaliyah
Milow
Nadia
Minu
Nadja
Miralem
Naira
Mirdon
Nairana
Miroslav
Najla
Mischa
Namira
Mohammad-Saleh
Naomi
Moro
Nara
Mory
Nayla
Moulay
Nayomi
Moussa
Nayra
Moxuan
Nazar
Munay
Nefeli
Mylo-Maximilian
Nehir
Mîrhat
Nejra
Nader
Nella
Nahuel
Neslisah
Nail
Neta
Naim
Nevi
Nalu
Nevin
Nanook
Neylani
Naser
Nia
Nathaniel
Nia-Jennisa
Naël
Nikole
Neel
Nilssa
Nelian
Nisan
Nero
Nitya
Nestor
Noura
Nevio
Nova
Nicklas
Nuşa
Niclas
Ofri
Nico
Ora
Nicolás
Ori
Niels
Oriah
Nikon
Ornella
Nikos
Othilie
Nilsson
Ottilie
Nimar
Palina
Nino
Panna
Nio
Paola
Noa
Patricia
Noam
Paula-Roberta
Norah
Pauli
Norbu
Perla
Nouh
Philina
Noui
Piya
Nouri
Pola
Noyan
Polly
Noé
Pratyusha
Nuri
Quinn
Obrian
Rachele
Odysseas
Raffie
Okan
Rafif
Oliverio
Raihan
Olivier
Ramsya
Olli
Rania
Omid
Raphaella
Onno
Ravenna
Oriel
Rawan
Oscar-Ryan
Rayan
Ove
Rebecca
Ovi
Reema
Owais
Refael
Paavo
Reyyan
Pakin
Rieke
Panagiotis
Riyam
Panayot
Robin
Paolo
Rosalia
Pau
Rose
Peer
Rosi
Pelle
Roxy
Petar
Roya
Phin
Rubi
Pius
Runa
Plaaj
Ruqayyah
Platon
Rylee
Qaisser
Sahra
Quentin
Salome
Quint
Salwa
Raduan
Samuyuktha
Raffael
Sarnai
Raffaele
Sascha
Rahul
Sasha
Raoni
Saskia
Raphaël
Savannah-Kayla
Rashid
Sayra
Ravi
Scarlett
Rayé
Schnee
Razak
Seah
Remus
Selvi
Rian
Sema
Riccardo
Semora
Rik
Seo
Riku
Seraphina
Roan
Seren
Rocco
Serenay
Roko
Serra
Romeo
Shahd
Roshan
Shana
Roth
Sheyenne
Ruben
Shuyue
Rudi
Sima
Ruhid
Sinem
Ruslan
Skylar
Ryan
Sodgerel
Rémi
Sofie
Safet
Sofiea
Said
Soleil
Sail
Soley-Valiée
Saiph
Solin
Sajan
Soliya
Salem
Solomiya
Salih
Solveig
Salihan
Sookie
Salomey
Sophia-Ray
Salvador
Sosvien
Sam
Soufien
Sami
Sreenidhi
Samson
Staša
Sancho
Stefania
Sanel
Stefanie
Sascha
Stesi
Savash
Stina
Sayf
Sue
Saša
Sumaja
Scott
Sura-Su
Sebastian
Svala
Serafim
Svenja
Seyed
Tabea
Seyyid
Taisia
Shaban
Tala
Shion
Talia
Shkodran
Talin
Shreyas
Talvi
Shukri
Tamar
Silvio
Tamara
Simeon
Tamia
Simón
Tamila
Siyah
Tamnou
Slavoljub
Tara
Smail
Tea
Sofian
Telja
Solal
Teona
Stanley
Teresa
Stepan
Tesa
Subhan
Tessa
Sukrit
Thalia
Sway
Thara
Taio
Thaïs
Tamay
Theresia
Tameo
Thereza
Tanay
Thora
Tanishq
Tilawa
Tao
Tillie
Taro
Tiyana
Tavi
Tomma
Tayfun
Tomoka
Taylan
Tonia
Taymour
Tove
Tayo
Tulin
Temuge
Uliana
Teo
Valeria
Thaddaeus
Vanida
Thakur
Vanisa
Tharu
Vanja
Thees
Vasilena
Theodore
Vera
Theon
Vesna
Thiago
Vesta
Thies
Vian
Thom
Viann
Thăng
Vicktoria
Tiam
Victoria-Elisa
Ties
Victoria-Maria
Tihomir
Vika
Tim-Noah
Viola
Timo
Viviane
Timofey
Vivienne
Timotei
Wiktoria
Titus
Wilhelmina
Tjelle
Winnie
Toby
Winter
Toma
Yadira
Tommi
Yamila
Tristan
Yamina
Tsuraya
Yaren
Tymon
Yasemin
Tyrese
Yasira-Elif
Umut
Yasmin
Uzay
Yatika
Val
Yağmur
Valerio
Yekbun
Vasilije
Yelda
Veaceslav
Ylva
Veysel
Yuanli
Vinzenz
Zaira
Vitomir
Zakia
Vlad
Zayna
Wanja
Zazie
Wes
Zelal
Wiktor
Zelie
Wilhelm
Zeliha
Wille
Zhianbyen
Willem
Zlatka
Willy
Zosia
Wise
Zuri
Wojciech
Éden
Wolf
Ìvanna
Wyn
Öykü
Xaver
Łucja
Yaakoub
Şadiyenur
Yacine
Yadiel
Yago
Yakub
Yakup-Efe
Yaman
Yamen
Yannai
Yannick
Yannis
Yari
Yaron
Yaroob
Yaseen
Yasser
Yassin
Yavi
Yeonu
Yilin
Yimo
Yosef
Younas
Yousef
Yousseff
Yousuf
Yuki
Yunes
Yuri
Zachariah
Zain
Zana
Zaroun
Zaryan
Zayn
Zein
Zeynel
Zi
Zinar
Zinédine
Zlatomir
Çağatay
Élie
Émile
Étienne
Özhan
